testdata/call_integer:1:1-7 Called value must be a function, but it is assumed to be number

42(17)


