testdata/from_array_call_integer:1:1-10 Called value must be a function, but it is assumed to be number

[42][0]()


