testdata/index_object_with_string:1:1 Unexpected end of file.




