testdata/dollar_no_toplevel:1:1-2 No top-level object found.
