testdata/dollar_in_array:1:11-12 No top-level object found.
