../testdata/extvar_hermetic:1:1-40 Unused variable: x

local x = 42; std.extVar("UndeclaredX")


