../testdata/local_in_object_assertion:1:1-33 Unused variable: x

{ local x = 42, assert x == 42 }


