../testdata/object_comp_dollar3:1:45-48 Indexed value is neither an array nor an object nor a string

local obj = { [x]: if x == "a" then 42 else $.a + 1 for x in ["a", "b", "c"] };


