../testdata/object_local:1:30-37 Called value must be a function, but it is assumed to be void

{ local foo(bar) = bar, baz: foo(42) }


